// Jest Snapshot v1, https://goo.gl/fbAQLP

exports[`List component renders List 1`] = `
<ul>
  <li
    key="[object Object]"
  >
    <a />
  </li>
  <li
    key="[object Object]"
  >
    <a />
  </li>
</ul>
`;
