// Jest Snapshot v1, https://goo.gl/fbAQLP

exports[`Display component renders Display 1`] = `
<p>
  Name: sampleName - Follower Count: 1 - Following Count: 1 - Github Link: sample link
</p>
`;
